Archive member included because of file (symbol)

arch/arm/cpu/hi3716mv310/libhi3716mv310.a(ddrphy_training_print.o)
                              arch/arm/cpu/hi3716mv310/ddr_dataeye_training.o (ddr_training_print)
arch/arm/cpu/hi3716mv310/libhi3716mv310.a(hi3716mv310_ddr_training.o)
                              arch/arm/cpu/hi3716mv310/lowlevel_init.o (hi3716mv310_ddr_training)
arch/arm/lib/libarm.a(board.o)
                              arch/arm/cpu/hi3716mv310/start.o (start_armboot)
arch/arm/lib/libarm.a(interrupts.o)
                              arch/arm/lib/libarm.a(board.o) (enable_interrupts)
arch/arm/lib/libarm.a(ddr_layout.o)
                              arch/arm/lib/libarm.a(board.o) (insert_ddr_layout)
arch/arm/lib/libarm.a(ddr_size.o)
                              arch/arm/lib/libarm.a(ddr_layout.o) (get_ddr_size)
arch/arm/lib/libarm.a(cpu_info.o)
                              arch/arm/lib/libarm.a(ddr_size.o) (get_max_ddr_size)
net/libnet.a(eth.o)           arch/arm/lib/libarm.a(board.o) (eth_initialize)
net/libnet.a(net.o)           arch/arm/lib/libarm.a(board.o) (copy_filename)
net/libnet.a(rarp.o)          net/libnet.a(net.o) (RarpRequest)
net/libnet.a(tftp.o)          net/libnet.a(net.o) (TftpStart)
net/libnet.a(bootp.o)         net/libnet.a(net.o) (BootpRequest)
drivers/mtd/nand/libnand.a(nand.o)
                              arch/arm/lib/libarm.a(board.o) (nand_init)
drivers/mtd/nand/libnand.a(hinfc_init.o)
                              arch/arm/lib/libarm.a(board.o) (nand_rr_param_init)
drivers/mtd/nand/libnand.a(nand_base.o)
                              arch/arm/lib/libarm.a(board.o) (get_nand_info)
drivers/mtd/nand/libnand.a(nand_bbt.o)
                              drivers/mtd/nand/libnand.a(nand_base.o) (nand_isbad_bbt)
drivers/mtd/nand/libnand.a(nand_ecc.o)
                              drivers/mtd/nand/libnand.a(nand_base.o) (nand_calculate_ecc)
drivers/mtd/nand/libnand.a(nand_ids.o)
                              drivers/mtd/nand/libnand.a(nand_base.o) (nand_flash_ids)
drivers/mtd/nand/libnand.a(hinfc610.o)
                              drivers/mtd/nand/libnand.a(hinfc_init.o) (hinfc610_nand_rr_param_init)
drivers/mtd/nand/libnand.a(hinfc610_gen.o)
                              drivers/mtd/nand/libnand.a(hinfc610.o) (hinfc610_ecc_reg2type)
drivers/mtd/nand/libnand.a(hinfc610_read_retry.o)
                              drivers/mtd/nand/libnand.a(hinfc610.o) (hinfc610_find_read_retry)
drivers/mtd/nand/libnand.a(hinfc610_ecc_info.o)
                              drivers/mtd/nand/libnand.a(hinfc610.o) (hinfc610_ecc_info_init)
drivers/mtd/nand/libnand.a(hinfc610_sync.o)
                              drivers/mtd/nand/libnand.a(hinfc610.o) (hinfc610_get_sync_info)
drivers/mtd/nand/libnand.a(hinfc620_gen.o)
                              drivers/mtd/nand/libnand.a(hinfc610.o) (hinfc620_ecc_reg2type)
drivers/mtd/nand/libnand.a(hinfc610_sync_onfi_23.o)
                              drivers/mtd/nand/libnand.a(hinfc610_sync.o) (hinfc610_sync_onfi_23)
drivers/mtd/nand/libnand.a(hinfc610_sync_toggle.o)
                              drivers/mtd/nand/libnand.a(hinfc610_sync.o) (hinfc610_sync_toggle_10)
drivers/mtd/nand/libnand.a(hinfc610_rw_latch.o)
                              drivers/mtd/nand/libnand.a(hinfc610.o) (get_hinfc_rw_latch)
drivers/mtd/nand/libnand.a(hinfc610_rw_latch_hi3716mv310.o)
                              drivers/mtd/nand/libnand.a(hinfc610_rw_latch.o) (hinfc_rw_latch_table)
drivers/mtd/nand/libnand.a(hinfc_gen.o)
                              drivers/mtd/nand/libnand.a(hinfc610.o) (nand_page_name)
drivers/mtd/nand/libnand.a(nand_spl_ids.o)
                              drivers/mtd/nand/libnand.a(hinfc610.o) (nand_spl_ids_register)
drivers/mtd/nand/libnand.a(hinfc610_read_retry_hynix_bg_cdie.o)
                              drivers/mtd/nand/libnand.a(hinfc610_read_retry.o) (hinfc610_hynix_bg_cdie_read_retry)
drivers/mtd/nand/libnand.a(hinfc610_read_retry_hynix_bg_bdie.o)
                              drivers/mtd/nand/libnand.a(hinfc610_read_retry.o) (hinfc610_hynix_bg_bdie_read_retry)
drivers/mtd/nand/libnand.a(hinfc610_read_retry_hynix_cg_adie.o)
                              drivers/mtd/nand/libnand.a(hinfc610_read_retry.o) (hinfc610_hynix_cg_adie_read_retry)
drivers/mtd/nand/libnand.a(hinfc610_read_retry_micron.o)
                              drivers/mtd/nand/libnand.a(hinfc610_read_retry.o) (hinfc610_micron_read_retry)
drivers/mtd/nand/libnand.a(hinfc610_read_retry_samsung.o)
                              drivers/mtd/nand/libnand.a(hinfc610_read_retry.o) (hinfc610_samsung_read_retry)
drivers/mtd/nand/libnand.a(hinfc610_read_retry_toshiba_24nm.o)
                              drivers/mtd/nand/libnand.a(hinfc610_read_retry.o) (hinfc610_toshiba_24nm_read_retry)
drivers/mtd/nand/libnand.a(hinfc610_read_retry_toshiba_19nm.o)
                              drivers/mtd/nand/libnand.a(hinfc610_read_retry.o) (hinfc610_toshiba_19nm_read_retry)
[...]
Memory Configuration

Name             Origin             Length             Attributes
*default*        0x00000000         0xffffffff

Linker script and memory map

                0x00000000                . = 0x0
                0x00000000                . = ALIGN (0x4)

.text           0x80700000    0x6802c
 arch/arm/cpu/hi3716mv310/start.o(.text)
 .text          0x80700000     0x2960 arch/arm/cpu/hi3716mv310/start.o
                0x80700000                _start
                0x80702044                _blank_zone_start
                0x80702048                _blank_zone_end
                0x80702050                _armboot_start
                0x80702054                _bss_start
                0x80702058                _bss_end
                0x8070205c                _relocate
                0x807024d4                display_regv110_info
                0x80702558                display_regunknow_info
                0x80702584                _text_end
 arch/arm/cpu/hi3716mv310/lowlevel_init.o(.text)
 .text          0x80702960      0x2c4 arch/arm/cpu/hi3716mv310/lowlevel_init.o
                0x80702b60                display_register_info
                0x80702ba4                init_registers
 arch/arm/cpu/hi3716mv310/chip.o(.text)
 .text          0x80702c24       0x9c arch/arm/cpu/hi3716mv310/chip.o
                0x80702c24                get_chipid_reg
                0x80702c90                get_ca_vendor_reg
                0x80702c98                reset_cpu
 arch/arm/cpu/hi3716mv310/ddrphy_train.o(.text)
 .text          0x80702cc0      0x3c8 arch/arm/cpu/hi3716mv310/ddrphy_train.o
                0x80702cc0                DDRPHY_WRLV_TRAIN_ROUTE
                0x80702dc8                DDRPHY_GATE_TRAIN_ROUTE
                0x80702f18                DDRPHY_DATA_TRAIN_ROUTE
                0x80703014                ddr_training_info
 arch/arm/cpu/hi3716mv310/ddrphy_training.o(.text)
 .text          0x80703088      0x598 arch/arm/cpu/hi3716mv310/ddrphy_training.o
                0x807030f0                ddrphy_train_route
 arch/arm/cpu/hi3716mv310/ddr_dataeye_training.o(.text)
 .text          0x80703620      0xc8c arch/arm/cpu/hi3716mv310/ddr_dataeye_training.o
                0x80703784                byte_deskew_judge
                0x8070428c                ddr_dataeye_training
 arch/arm/cpu/hi3716mv310/irq.o(.text)
 *fill*         0x807042ac       0x14 00
 .text          0x807042c0      0x3a0 arch/arm/cpu/hi3716mv310/irq.o
                0x807042e0                irq_undefined_instruction
                0x80704360                irq_software_interrupt
                0x807043e0                irq_prefetch_abort
                0x80704460                irq_data_abort
                0x807044e0                irq_not_used
                0x80704560                irq_irq
                0x807045e0                irq_firq
 arch/arm/cpu/hi3716mv310/uart.o(.text)
 .text          0x80704660       0xf0 arch/arm/cpu/hi3716mv310/uart.o
                0x80704660                uart_early_init
                0x807046c0                uart_early_puts
                0x807046f0                uart_early_put_hex
                0x80704734                uart_early_putc
 *(.text)
 .text          0x80704750       0x64 arch/arm/cpu/hi3716mv310/libhi3716mv310.a(ddrphy_training_print.o)
                0x80704750                ddr_training_print
 .text          0x807047b4       0xb8 arch/arm/cpu/hi3716mv310/libhi3716mv310.a(hi3716mv310_ddr_training.o)
                0x807047b4                hi3716mv310_ddr_training
 .text          0x8070486c      0x2c8 arch/arm/lib/libarm.a(board.o)
                0x807048ec                hang
                0x80704900                start_armboot
 .text          0x80704b34      0x264 arch/arm/lib/libarm.a(interrupts.o)
                0x80704b34                enable_interrupts
                0x80704b38                disable_interrupts
                0x80704b40                show_regs
                0x80704c80                bad_mode
                0x80704c9c                do_irq
                0x80704cc0                do_fiq
                0x80704ce4                do_not_used
                0x80704d08                do_data_abort
                0x80704d2c                do_prefetch_abort
                0x80704d50                do_software_interrupt
                0x80704d74                do_undefined_instruction
 .text          0x80704d98      0x2c8 arch/arm/lib/libarm.a(ddr_layout.o)
                0x80704d98                get_ddr_free
                0x80704e28                show_ddr_layout
                0x80704ec4                insert_ddr_layout
 .text          0x80705060       0xec arch/arm/lib/libarm.a(ddr_size.o)
                0x80705060                get_ddr_size
 .text          0x8070514c      0x278 arch/arm/lib/libarm.a(cpu_info.o)
                0x807051d0                get_ca_type
                0x80705218                get_cpudevs
                0x80705248                get_cpu_version
                0x807052b0                get_max_ddr_size
                0x807052c0                get_cpu_name
                0x807052d0                get_timer_clock
                0x80705308                get_bootmedia
                0x80705354                get_boot_media
                0x80705360                get_chipid
                0x807053a0                get_ca_vendor
 .text          0x807053c4      0x86c net/libnet.a(eth.o)
                0x80705408                cpu_eth_init
                0x80705410                eth_get_dev
                0x80705420                eth_get_dev_by_index
                0x80705464                eth_get_dev_index
                0x807054b0                eth_halt
                0x807054e0                eth_send
                0x80705514                eth_rx
                0x8070553c                eth_get_name
                0x8070555c                eth_get_dev_by_name
                0x8070560c                eth_set_current
                0x807056a4                eth_try_another
                0x80705720                eth_unregister
                0x807057b8                eth_register
                0x80705814                eth_setenv_enetaddr
                0x80705850                eth_parse_enetaddr
                0x807058ac                eth_getenv_enetaddr
                0x807058cc                eth_getenv_enetaddr_by_index
                0x8070590c                eth_init
                0x807059d4                eth_write_hwaddr
                0x80705b08                eth_initialize
 .text          0x80705c30     0x1370 net/libnet.a(net.o)
                0x80705c58                NetSetHandler
                0x80705c68                NetCksum
                0x80705ca4                NetCksumOk
                0x80705cc4                copy_filename
                0x80705d1c                string_to_VLAN
                0x80705d60                getenv_VLAN
                0x80705d70                NetEthHdrSize
                0x80705dac                VLAN_to_string
                0x80705e04                ip_to_string
                0x80705e54                NetSetIP
                0x80705f38                NetSetEther
                0x80706044                NetSendPacket
                0x80706048                NetReceive
                0x807065a0                ArpRequest
                0x80706684                PingSend
                0x807067b0                NetSetTimeout
                0x807067e0                NetSendUDPPacket
                0x80706924                ArpSendReqFreq
                0x80706a14                NetStartAgain
                0x80706b1c                ArpTimeoutCheck
                0x80706b9c                NetLoop
 .text          0x80706fa0      0x170 net/libnet.a(rarp.o)
                0x80706fa0                RarpRequest
 .text          0x80707110      0xad8 net/libnet.a(tftp.o)
                0x80707828                print_IPaddr
                0x80707844                TftpStart
 .text          0x80707be8      0x5a4 net/libnet.a(bootp.o)
                0x80707f98                BootpRequest
 .text          0x8070818c       0x80 drivers/mtd/nand/libnand.a(nand.o)
                0x8070818c                nand_init
 .text          0x8070820c       0x84 drivers/mtd/nand/libnand.a(hinfc_init.o)
                0x8070820c                nand_get_rr_param
                0x80708238                nand_rr_param_init
                0x8070825c                board_nand_init
 .text          0x80708290     0x3e48 drivers/mtd/nand/libnand.a(nand_base.o)
                0x807082e4                nand_release_device
                0x807082fc                nand_read_byte
                0x80708330                nand_write_buf
                0x8070835c                nand_read_buf
                0x807083c4                nand_write_buf16
                0x807083f8                nand_read_buf16
                0x807084c0                nand_get_device
                0x807095c8                get_nand_info
                0x807095d4                nand_release
                0x807095fc                nand_scan_tail
                0x8070a814                nand_erase_nand
                0x8070ac9c                nand_wait_ready
                0x8070b86c                nand_scan_ident
                0x8070c0b8                nand_scan
 .text          0x8070c0d8     0x1804 drivers/mtd/nand/libnand.a(nand_bbt.o)
                0x8070c1d0                nand_isbad_bbt
                0x8070d0c4                nand_update_bbt
                0x8070d38c                nand_scan_bbt
                0x8070d818                nand_default_bbt
 .text          0x8070d8dc      0x210 drivers/mtd/nand/libnand.a(nand_ecc.o)
                0x8070d8dc                nand_calculate_ecc
                0x8070d9d0                nand_correct_data
 .text          0x8070daec        0x0 drivers/mtd/nand/libnand.a(nand_ids.o)
 .text          0x8070daec     0x1f34 drivers/mtd/nand/libnand.a(hinfc610.o)
                0x8070dafc                hinfc610_controller_enable
                0x8070dcfc                hinfc610_config_rw_latch
                0x8070e904                hinfc610_nand_rr_param_init
                0x8070eb38                hinfc610_force_ecc
                0x8070ece4                hinfc610_nand_get_rr_param
                0x8070ed1c                hinfc610_ecc_reg2type_intf
                0x8070ee90                hinfc610_ecc_type2reg_intf
                0x8070f490                hinfc610_init
                0x8070f710                hinfc610_nand_block_bad
 .text          0x8070fa20       0x60 drivers/mtd/nand/libnand.a(hinfc610_gen.o)
                0x8070fa20                hinfc610_ecc_reg2type
                0x8070fa38                hinfc610_page_reg2type
                0x8070fa50                hinfc610_ecc_type2reg
                0x8070fa68                hinfc610_page_type2reg
 .text          0x8070fa80       0x34 drivers/mtd/nand/libnand.a(hinfc610_read_retry.o)
                0x8070fa80                hinfc610_find_read_retry
 .text          0x8070fab4      0x354 drivers/mtd/nand/libnand.a(hinfc610_ecc_info.o)
                0x8070fb00                hinfc610_ecc_info_init
 .text          0x8070fe08      0x4b4 drivers/mtd/nand/libnand.a(hinfc610_sync.o)
                0x8070fe08                hinfc610_get_sync_info
 .text          0x807102bc       0x60 drivers/mtd/nand/libnand.a(hinfc620_gen.o)
                0x807102bc                hinfc620_ecc_reg2type
                0x807102d4                hinfc620_page_reg2type
                0x807102ec                hinfc620_ecc_type2reg
                0x80710304                hinfc620_page_type2reg
 .text          0x8071031c      0x450 drivers/mtd/nand/libnand.a(hinfc610_sync_onfi_23.o)
 .text          0x8071076c      0x454 drivers/mtd/nand/libnand.a(hinfc610_sync_toggle.o)
 .text          0x80710bc0       0x4c drivers/mtd/nand/libnand.a(hinfc610_rw_latch.o)
                0x80710bc0                get_hinfc_rw_latch
 .text          0x80710c0c        0x0 drivers/mtd/nand/libnand.a(hinfc610_rw_latch_hi3716mv310.o)
 .text          0x80710c0c       0x50 drivers/mtd/nand/libnand.a(hinfc_gen.o)
                0x80710c0c                nandpage_size2type
                0x80710c24                nand_page_name
                0x80710c40                nand_ecc_name
 .text          0x80710c5c      0x370 drivers/mtd/nand/libnand.a(nand_spl_ids.o)
                0x80710dd0                nand_spl_ids_register
                0x80710e00                nand_get_special_flash_type
 .text          0x80710fcc      0x894 drivers/mtd/nand/libnand.a(hinfc610_read_retry_hynix_bg_cdie.o)
 .text          0x80711860      0x314 drivers/mtd/nand/libnand.a(hinfc610_read_retry_hynix_bg_bdie.o)
 .text          0x80711b74      0x890 drivers/mtd/nand/libnand.a(hinfc610_read_retry_hynix_cg_adie.o)
 .text          0x80712404       0xec drivers/mtd/nand/libnand.a(hinfc610_read_retry_micron.o)
 .text          0x807124f0      0x2c8 drivers/mtd/nand/libnand.a(hinfc610_read_retry_samsung.o)
 .text          0x807127b8      0x390 drivers/mtd/nand/libnand.a(hinfc610_read_retry_toshiba_24nm.o)
 .text          0x80712b48      0x510 drivers/mtd/nand/libnand.a(hinfc610_read_retry_toshiba_19nm.o)
 .text          0x80713058       0xe4 drivers/serial/libserial.a(serial_pl01x.o)
                0x80713058                serial_init
                0x8071308c                serial_setbrg
                0x80713090                serial_tstc
                0x807130c4                serial_putc
                0x807130e8                serial_puts
                0x80713110                serial_putc_raw
                0x80713114                serial_getc
 .text          0x8071313c      0x2ec common/libcommon.a(bootstrap.o)
                0x8071313c                selfboot_from_udisk
                0x80713140                get_selfboot_type
                0x807131f8                download_process
                0x8071332c                download_boot_ca
                0x807133b0                download_boot_normal
                0x807133fc                download_boot
 .text          0x80713428       0x94 common/libcommon.a(cmd_boot.o)
                0x80713428                do_go_exec
                0x80713440                do_go
 .text          0x807134bc      0xaac common/libcommon.a(cmd_bootm.o)
                0x807134e0                arch_preboot_os
                0x807134e0                __arch_preboot_os
                0x807134e4                kern_load
                0x80713b2c                do_bootm_subcommand
                0x80713ce0                do_bootm
 .text          0x80713f68      0x4dc common/libcommon.a(cmd_ddr_training.o)
                0x80713f68                check_ddr_training
                0x807140fc                ddr_training
                0x807141d8                do_ddr_training
 .text          0x80714444      0x27c common/libcommon.a(cmd_getinfo.o)
                0x80714444                do_getinfo
 .text          0x807146c0       0x48 common/libcommon.a(cmd_help.o)
                0x807146c0                do_help
 .text          0x80714708      0xac0 common/libcommon.a(cmd_load.o)
                0x80714708                ktrans
                0x80714728                chk1
                0x80714794                k_data_init
                0x807147b4                k_data_save
                0x807147d8                k_data_restore
                0x807147fc                k_data_char
                0x8071484c                send_pad
                0x8071487c                s1_sendpacket
                0x807148a8                handle_send_packet
                0x80714a6c                send_nack
                0x80714acc                send_ack
                0x80714b2c                do_upload_serial_bin
                0x80714d6c                do_load_serial_bin
 .text          0x807151c8      0x92c common/libcommon.a(cmd_mem.o)
                0x807151c8                do_mem_base
                0x8071520c                do_mem_crc
                0x807152dc                do_mem_mtest
                0x8071547c                do_mem_loop
                0x80715574                do_mem_cp
                0x80715644                do_mem_cmp
                0x807157d0                do_mem_mw
                0x807159d8                do_mem_nm
                0x807159fc                do_mem_mm
                0x80715a20                do_mem_md
 .text          0x80715af4      0x79c common/libcommon.a(cmd_mii.o)
                0x80715b40                MII_dump_0_to_5
                0x80715df0                do_mii
 .text          0x80716290     0x1810 common/libcommon.a(cmd_nand.o)
                0x80716418                do_nandboot
                0x80716a10                do_nand
 .text          0x80717aa0      0x404 common/libcommon.a(cmd_net.o)
                0x80717aa0                do_ping
                0x80717e80                do_rarpb
                0x80717e8c                do_tftp
                0x80717e98                do_bootp
 .text          0x80717ea4      0x7d0 common/libcommon.a(cmd_nvedit.o)
                0x80717ea4                get_env_id
                0x80717eb4                envmatch
                0x80717f14                getenv_r
                0x80717fb4                do_saveenv
                0x80717fe4                getenv
                0x8071804c                _do_setenv
                0x80718484                do_setenv
                0x807184b0                setenv
                0x807185e4                do_printenv
 .text          0x80718674       0x20 common/libcommon.a(cmd_version.o)
                0x80718674                do_version
 .text          0x80718694      0x868 common/libcommon.a(command.o)
                0x80718694                cmd_get_data_size
                0x807186e4                find_cmd_tbl
                0x80718778                find_cmd
                0x807187a0                cmd_usage
                0x80718800                var_complete
                0x80718888                _do_help
                0x80718a44                install_auto_complete
                0x80718a64                cmd_auto_complete
 .text          0x80718efc      0x488 common/libcommon.a(console.o)
                0x80718f9c                fgetc
                0x80718fc4                ftstc
                0x80718fec                fputc
                0x80719014                fputs
                0x8071903c                disable_ctrlc
                0x80719054                had_ctrlc
                0x80719064                clear_ctrlc
                0x80719078                dbg
                0x80719084                console_init_f
                0x80719094                stdio_print_current_devices
                0x80719098                console_init_r
                0x80719174                search_device
                0x8071919c                console_assign
                0x807191dc                fprintf
                0x80719220                puts
                0x8071923c                vprintf
                0x8071926c                printf
                0x807192ac                serial_printf
                0x807192ec                putc
                0x80719308                tstc
                0x80719320                getc
                0x80719338                ctrlc
 .text          0x80719384     0x105c common/libcommon.a(dlmalloc.o)
                0x80719384                sbrk
                0x807193bc                malloc_trim
                0x80719488                free
                0x807196a8                cfree
                0x807196ac                malloc
                0x80719c84                memalign
                0x80719d90                pvalloc
                0x80719da8                valloc
                0x80719db4                malloc_usable_size
                0x80719df8                mallopt
                0x80719e64                calloc
                0x80719f44                realloc
                0x8071a390                mem_malloc_init
 .text          0x8071a3e0      0x288 common/libcommon.a(env_common.o)
                0x8071a3e0                env_get_char_memory
                0x8071a404                env_get_addr
                0x8071a428                set_default_env
                0x8071a468                env_relocate
                0x8071a4e4                env_get_char
                0x8071a514                env_complete
                0x8071a63c                env_crc_update
 .text          0x8071a668      0x128 common/libcommon.a(env_common_func.o)
                0x8071a668                env_get_char_spec
                0x8071a690                saveenv
                0x8071a6b8                env_get_media
                0x8071a6f8                env_init
                0x8071a758                env_relocate_spec
 .text          0x8071a790      0x254 common/libcommon.a(env_nand.o)
 .text          0x8071a9e4      0x1b0 common/libcommon.a(exports.o)
                0x8071a9e8                get_version
                0x8071a9f0                jumptable_init
 .text          0x8071ab94      0x46c common/libcommon.a(hi3716mv310_ddr_training_printf.o)
                0x8071ab94                hi3716mv310_ddr_training_result
 .text          0x8071b000      0x878 common/libcommon.a(image.o)
                0x8071b038                image_multi_count
                0x8071b060                get_table_entry_name
                0x8071b08c                genimg_get_os_name
                0x8071b0a4                genimg_get_arch_name
                0x8071b0bc                genimg_get_type_name
                0x8071b0d4                genimg_get_comp_name
                0x8071b0ec                genimg_has_config
                0x8071b0f4                genimg_get_image
                0x8071b138                genimg_get_format
                0x8071b1e8                image_multi_getimg
                0x8071b270                get_table_entry_id
                0x8071b2cc                genimg_get_comp_id
                0x8071b2e4                genimg_get_type_id
                0x8071b2fc                genimg_get_arch_id
                0x8071b314                genimg_get_os_id
                0x8071b32c                genimg_print_size
                0x8071b35c                image_print_contents
                0x8071b4f0                memmove_wd
                0x8071b4fc                getenv_bootm_low
                0x8071b530                getenv_yesno
                0x8071b554                getenv_bootm_size
                0x8071b588                image_check_dcrc
                0x8071b5d0                image_check_hcrc
                0x8071b620                boot_get_ramdisk
 .text          0x8071b878     0x12bc common/libcommon.a(main.o)
                0x8071b878                __show_boot_progress
                0x8071b878                show_boot_progress
                0x8071b87c                parse_line
                0x8071b908                run_command
                0x8071bed4                readline_into_buffer
                0x8071c828                readline
                0x8071c844                main_loop
 .text          0x8071cb34      0x720 common/libcommon.a(miiphyutil.o)
                0x8071cb40                miiphy_init
                0x8071cb60                miiphy_get_current_dev
                0x8071cb78                miiphy_listdev
                0x8071cbe4                miiphy_write
                0x8071cc70                miiphy_read
                0x8071ccfc                miiphy_link
                0x8071cd50                miiphy_is_1000base_x
                0x8071cd90                miiphy_duplex
                0x8071ced4                miiphy_speed
                0x8071cfec                miiphy_reset
                0x8071d094                miiphy_info
                0x8071d11c                miiphy_set_current_dev
                0x8071d178                miiphy_register
 .text          0x8071d254     0x1294 common/libcommon.a(nand_logif.o)
                0x8071d450                nand_logic_erase
                0x8071d758                nand_logic_read
                0x8071dc9c                nand_logic_write
                0x8071e2f8                nand_logic_close
                0x8071e324                nand_logic_open
 .text          0x8071e4e8      0x44c common/libcommon.a(spiflash_logif.o)
                0x8071e4e8                spiflash_logic_read
                0x8071e598                spiflash_logic_write
                0x8071e65c                spiflash_logic_erase
                0x8071e800                spiflash_logic_close
                0x8071e804                spiflash_logic_open
 .text          0x8071e934      0x190 common/libcommon.a(stdio.o)
                0x8071e934                stdio_get_list
                0x8071e940                stdio_clone
                0x8071e988                stdio_get_by_name
                0x8071e9ec                stdio_register
                0x8071ea2c                stdio_init
 .text          0x8071eac4      0xc6c common/libcommon.a(xyzModem.o)
                0x8071eac4                parse_num
                0x8071ec00                xyzModem_error
                0x8071ec20                xyzModem_stream_close
                0x8071ec70                CYGACC_COMM_IF_PUTC
                0x8071ec78                CYGACC_COMM_IF_GETC_TIMEOUT
                0x8071ecf4                xyzModem_stream_terminate
                0x8071edc8                xyzModem_stream_write
                0x8071f340                xyzModem_stream_read
                0x8071f5d4                xyzModem_stream_open
 .text          0x8071f730        0x0 common/libcommon.a(ddr_training_entry.o)
 .text          0x8071f730      0x9a0 /home/zyq/share/HI3716STD310/source/boot/product/libproduct.a(main.o)
                0x8071f730                update_hdmi_status
                0x8071f7bc                LockIdWord
                0x8071f8d4                SetLogLevel
                0x8071fab8                PRODUCT_DisplayInit
                0x8071fd00                Logo_Main
                0x8071ffe4                fastapp_entry
 .text          0x807200d0     0x1f7c /home/zyq/share/HI3716STD310/source/boot/product/libproduct.a(schedule.o)
                0x80720250                Customer_Boot
                0x80720558                Upgrd_OpenDataBlock
                0x80720a38                Loader_Check
                0x80721f44                Loader_Main
 .text          0x8072204c      0x358 /home/zyq/share/HI3716STD310/source/boot/product/libproduct.a(boot_debug.o)
                0x8072204c                HI_LOG_GetModuleName
                0x80722080                HI_LOG_SetLevel
                0x807220e8                HI_LogOut
                0x807221ac                HI_LOG_Init
 .text          0x807223a4       0xc0 /home/zyq/share/HI3716STD310/source/boot/product/libproduct.a(boot_mem.o)
                0x807223a4                HI_MMZ_Init
                0x807223ac                HI_MMZ_DeInit
                0x807223b4                HI_MMZ_GetInfoZoneAddr
                0x807223bc                HI_MMZ_Release
                0x807223c0                HI_MEM_Alloc
                0x807223e8                HI_MMZ_Alloc
 .text          0x80722464      0x434 /home/zyq/share/HI3716STD310/source/boot/product/libproduct.a(common_str.o)
                0x80722464                strspn_2
                0x807224d4                strpbrk_2
                0x80722538                strtok_2
                0x807225d4                simple_strtoul_2
                0x80722728                strcpy_2
                0x80722744                strncpy_2
                0x807227dc                strstr_2
 .text          0x80722898       0x90 /home/zyq/share/HI3716STD310/source/boot/product/libproduct.a(drv_osal.o)
                0x80722898                HI_OSAL_Vsnprintf
                0x807228ec                HI_OSAL_Snprintf
                0x8072291c                HI_OSAL_Strncat
                0x80722920                HI_OSAL_Strncmp
                0x80722924                HI_OSAL_Strncpy
 .text          0x80722928      0xb64 /home/zyq/share/HI3716STD310/source/boot/product/libproduct.a(hi_adp_flash.o)
                0x80722928                HI_Flash_GetInfo
                0x807229cc                HI_Flash_GetInfo_ByType
                0x80722a34                HI_Adpt_Nand_write
                0x80722ac0                HI_Adpt_Nand_read
                0x80722cb8                HI_Flash_Read
                0x80722cfc                HI_Flash_Erase64
                0x80722d34                HI_Flash_Erase
                0x80722d7c                HI_Flash_Write
                0x80722f9c                HI_Flash_Close
                0x80722fd0                HI_Flash_OpenByTypeAndAddr
                0x80723070                HI_Flash_OpenByTypeAndName
                0x80723414                HI_Flash_OpenByName
                0x80723454                HI_Flash_Open
 .text          0x8072348c      0x49c /home/zyq/share/HI3716STD310/source/boot/product/libproduct.a(hi_go_bliter.o)
                0x8072348c                HI_GO_Blit
                0x80723700                HI_GO_FillRect
                0x80723818                HIGO_DeinitBliter
                0x807238a4                HIGO_InitBliter
 .text          0x80723928      0x238 /home/zyq/share/HI3716STD310/source/boot/product/libproduct.a(hi_go_comm.o)
                0x80723928                HIGO_GetRealRect
                0x80723a40                HI_GO_Deinit
                0x80723aa0                HI_GO_Init
 .text          0x80723b60      0x800 /home/zyq/share/HI3716STD310/source/boot/product/libproduct.a(hi_go_decoder.o)
                0x80723b60                HIGO_DeinitDecoder
                0x80723be4                HI_GO_DestroyDecoder
                0x80723c08                HI_GO_CreateDecoder
                0x80723e14                HIGO_InitDecoder
                0x80723ed8                HI_GO_DecImgData
 .text          0x80724360      0xe50 /home/zyq/share/HI3716STD310/source/boot/product/libproduct.a(hi_go_gdev.o)
                0x80724360                HIGO_HigoFmtToGrcFmt
                0x807243f0                HIGO_DestroyLayerSuface
                0x807243f8                HIGO_FreeDisplayBuffer
                0x80724400                HIGO_DinitDisplay
                0x80724438                HI_GO_GetLayerSurface
                0x807244e8                LAYER_GetRefreshSurface
                0x80724580                HIGO_CheckFlushType
                0x80724624                HIGO_CheckScreen
                0x807246dc                HIGO_CheckDisplay
                0x8072476c                HIGO_CheckCanvas
                0x807247fc                HI_GO_SetLayerPos
                0x807248d8                HI_GO_DestroyLayer
                0x807248fc                HI_GO_GetLayerDefaultParam
                0x807249b0                HIGO_InitDisplay
                0x80724a34                HIGO_RefreshLayer
                0x80724a9c                HIGO_GetLayerSize
                0x80724b00                HI_GO_RefreshLayer
                0x80724c50                HIGO_CreateLayerSuface
                0x80724d54                LAYER_CheckFmt
                0x80724df0                HIGO_CheckParam
                0x80724f38                HIGO_DisplayInfoInit
                0x80724fe8                HI_GO_CreateLayer
 .text          0x807251b0      0x568 /home/zyq/share/HI3716STD310/source/boot/product/libproduct.a(higo_memsurface.o)
                0x807251b0                HIGO_FreeSurface
                0x807251e8                HIGO_CreateSurfaceFromMem
                0x807253a4                HIGO_CreateSurface
                0x80725608                HIGO_DeinitSurface
                0x80725694                HIGO_InitSurface
 .text          0x80725718      0x2d0 /home/zyq/share/HI3716STD310/source/boot/product/libproduct.a(hi_go_surface.o)
                0x80725718                HI_GO_GetSurfaceSize
                0x80725770                HI_GO_UnlockSurface
                0x80725774                HI_GO_LockSurface
                0x80725778                HI_GO_CreateSurfaceFromMem
                0x807258d0                HI_GO_FreeSurface
                0x807258e0                HI_GO_CreateSurface
 .text          0x807259e8      0x594 /home/zyq/share/HI3716STD310/source/boot/product/libproduct.a(higo_surface.o)
                0x807259e8                Surface_CalculateBpp0
                0x80725a68                Surface_CalculateBpp1
                0x80725ad0                Surface_CalculateBitsPerPixel0
                0x80725b50                Surface_CalculateBitsPerPixel1
                0x80725bc4                Surface_CalculateStride0
                0x80725c94                Surface_CalculateStride1
                0x80725d70                Surface_SetSurfaceType
                0x80725d7c                Surface_GetSurfaceSize
                0x80725da4                Surface_GetSurfacePixelFormat
                0x80725dcc                Surface_UnlockSurface
                0x80725e30                Surface_SetSurfacePalette
                0x80725e74                Surface_LockSurface
                0x80725e9c                Surface_SetSurfacePrivateData
                0x80725ebc                Surface_FreeSurface
                0x80725ec8                Surface_FreeSurfacePrivateData
                0x80725edc                Surface_CreateSurface
 .text          0x80725f7c      0x860 /home/zyq/share/HI3716STD310/source/boot/product/libproduct.a(adp_jpeg.o)
                0x80725f7c                ADP_ConverFMTJPG2HIGO
                0x80725fac                HIGO_ADP_JPGDecCommInfo
                0x80726010                HIGO_ADP_JPGDestroyDecoder
                0x80726038                HIGO_ADP_JPGCreateDecoder
                0x8072616c                ADP_JPGSendStream
                0x8072628c                HIGO_ADP_JPGDecImgData
                0x80726590                HIGO_ADP_JPGDecImgInfo
                0x807266a4                HIGO_ADP_JPGGetActualSize
 .text          0x807267dc     0x14c8 /home/zyq/share/HI3716STD310/source/boot/product/libproduct.a(jpg_decctrl.o)
                0x8072687c                JPG_GetStatus
                0x80726924                JPG_IsNeedStream
                0x80726b20                JPG_SendStream
                0x80726fe8                JPG_GetPicInfo
                0x80727264                JPG_Decode
                0x80727844                JPG_DestroyDecoder
                0x807278d4                JPG_CreateDecoder
 .text          0x80727ca4      0x438 /home/zyq/share/HI3716STD310/source/boot/product/libproduct.a(jpg_handle.o)
                0x80727ca4                JPG_Handle_Free
                0x80727dc0                JPG_Handle_GetInstance
                0x80727edc                JPG_Handle_Alloc
 .text          0x807280dc     0x19a4 /home/zyq/share/HI3716STD310/source/boot/product/libproduct.a(jpg_hdec.o)
                0x807283f0                JPGDEC_InitHW
                0x807284a0                JPGHDEC_Reset
                0x80728548                JPGHDEC_Start
                0x807286a0                JPGHDEC_Status
                0x807287f8                JPGHDEC_SendStream
                0x80728dcc                JPGHDEC_SetDecodeInfo
                0x80729788                JPGHDEC_Check
                0x807298b8                JPGHDEC_FlushBuf
                0x807298dc                JPGHDEC_DestroyInstance
                0x80729924                JPGHDEC_CreateInstance
 .text          0x80729a80     0x1a30 /home/zyq/share/HI3716STD310/source/boot/product/libproduct.a(jpg_parse.o)
                0x80729a80                JPGPARSE_GetImgInfo
                0x80729a98                JPGPARSEUpdateApp1
                0x80729c84                JPGPARSE_EndCheck
                0x80729ddc                JPGPARSE_DestroyInstance
                0x80729de0                JPGPARSE_CreateInstance
                0x80729ee8                JPGPARSEUpdateExif
                0x80729f94                JPGPARSEInitApp1
                0x80729fe4                JPGPARSE_Parse
 .text          0x8072b4b0     0x1178 /home/zyq/share/HI3716STD310/source/boot/product/libproduct.a(drv_i2c.o)
                0x8072b4b0                HI_DRV_I2C_Exit
                0x8072b574                HI_DRV_I2C_WriteConfig
                0x8072b6a4                I2C_DRV_WaitRead
                0x8072b758                DRV_WaitWriteEnd
                0x8072b824                HI_DRV_I2C_Read_SiLabs
                0x8072bbfc                HI_DRV_I2C_Read
                0x8072c070                HI_DRV_I2C_Write
                0x8072c3ec                HI_DRV_I2C_SetRate
                0x8072c4d0                HI_DRV_I2C_Init
 .text          0x8072c628      0x614 /home/zyq/share/HI3716STD310/source/boot/product/libproduct.a(drv_gpio.o)
                0x8072c628                HI_DRV_GPIO_Init
                0x8072c6f8                HI_DRV_GPIO_ReadBit
                0x8072c7f0                HI_DRV_GPIO_WriteBit
                0x8072c914                HI_DRV_GPIO_GetDirBit
                0x8072c9d8                HI_DRV_GPIO_SetDirBit
                0x8072caac                HI_DRV_GPIO_SetPin
                0x8072cb68                HI_DRV_GPIO_GetPin
 .text          0x8072cc3c     0x1ea8 /home/zyq/share/HI3716STD310/source/boot/product/libproduct.a(boot_pdm.o)
                0x8072cc3c                PDM_TransFomat
                0x8072ceec                HI_PDM_SetSource
                0x8072cf70                PDM_GetDefBaseParam
                0x8072d064                PDM_GetDefLogoInfo
                0x8072d268                HI_PDM_SetTagData
                0x8072d3a0                HI_PDM_AllocReserveMem
                0x8072d494                HI_PDM_GetDeviceInfo
                0x8072da48                PDM_ReadPlayData
                0x8072dc5c                HI_PDM_GetMceData
                0x8072dc70                PDM_ReadPlayParam
                0x8072de88                PDM_ReadBase
                0x8072e160                PDM_GetMceParamFromMem
                0x8072e230                HI_PDM_GetMceParam
                0x8072e330                PDM_GetLogoFromMem
                0x8072e400                PDM_GetHEADFromMem
                0x8072e4d0                HI_PDM_GetDispParam
                0x8072e5b8                PDM_ReadLogoData
                0x8072e7b4                HI_PDM_GetLogoData
                0x8072e7d0                PDM_ReadLogoParam
                0x8072e9e4                HI_PDM_GetLogoParam
 .text          0x8072eae4      0xd54 /home/zyq/share/HI3716STD310/source/boot/product/libproduct.a(hdmi.o)
                0x8072eae4                HI_UNF_HDMI_DeInit
                0x8072eaec                HI_DRV_HDMI_Init
                0x8072eb14                HI_DRV_HDMI_DeInit
                0x8072eb18                hdmi_Disp2EncFmt
                0x8072eb84                HI_UNF_HDMI_Start
                0x8072eb94                HI_DRV_HDMI_Start
                0x8072eb9c                HI_UNF_HDMI_Close
                0x8072ebb4                HI_DRV_HDMI_Close
                0x8072ebbc                HI_DRV_HDMI_UpdateStatus
                0x8072ed50                HI_UNF_HDMI_Init
                0x8072ed70                HDMI_Display
                0x8072f66c                HI_UNF_HDMI_Open
                0x8072f67c                HI_DRV_HDMI_Open
                0x8072f718                HI_DRV_HDMI
 .text          0x8072f838      0x5a0 /home/zyq/share/HI3716STD310/source/boot/product/libproduct.a(txvidp.o)
                0x8072f838                siiGetVideoPath
                0x8072f8f0                ConfigTXVideoMode
                0x8072fa3c                SetDeepColor
                0x8072fc40                siiSetVideoPath
 .text          0x8072fdd8      0x5cc /home/zyq/share/HI3716STD310/source/boot/product/libproduct.a(infofrm.o)
                0x8072fdd8                GetInfoFrameMapAddr
                0x8072fe60                EnableInfoFrame
                0x8072febc                Send4KInfoFrame
                0x80730118                SendAVIInfoFrame
 .text          0x807303a4      0x51c /home/zyq/share/HI3716STD310/source/boot/product/libproduct.a(hdmitx.o)
                0x807303a4                HW_ResetCtrl
                0x80730400                HW_ResetPhy
                0x80730448                TX_Status
                0x80730464                TX_CTRL_DVIEncoder
                0x807304f0                TX_SetHDMIMode
                0x80730590                SetIClk
                0x807305c4                WakeUpHDMITX
                0x80730608                ReleaseHDMITX_SWReset
                0x80730634                AssertHDMITX_SWReset
                0x80730664                Encoder_Adjust
                0x8073067c                DelayMS
                0x80730688                SW_ResetHDMITX
                0x807307cc                HW_ResetHDMITX
 .text          0x807308c0      0x16c /home/zyq/share/HI3716STD310/source/boot/product/libproduct.a(drv_hlviic.o)
                0x807308c0                ReadByte_8BA
                0x80730920                WriteByte_8BA
                0x80730974                ReadWord_8BA
                0x807309d8                WriteWord_8BA
 .text          0x80730a2c        0x0 /home/zyq/share/HI3716STD310/source/boot/product/libproduct.a(txvptbl.o)
 .text          0x80730a2c      0x668 /home/zyq/share/HI3716STD310/source/boot/product/libproduct.a(phy.o)
                0x80730a2c                TX_PHY_ReadRegister
                0x80730a4c                TX_PHY_GetOutPutEnable
                0x80730a74                TX_PHY_DVIEncoder
                0x80730a7c                TX_PHY_HighBandwidth
                0x80730ad0                TX_PHY_WriteRegister
                0x80730b44                TX_PHY_INIT
                0x80730ba0                TX_PHY_DisableHdmiOutput
                0x80730be0                TX_PHY_SwingCtrl
                0x80730c84                TX_PHY_SetDeepColor
                0x80730e64                TX_PHY_PowerDown
                0x80730f00                TX_PHY_EnableHdmiOutput
                0x80730fa0                Is3716Cv200ECVer
 .text          0x80731094      0x138 /home/zyq/share/HI3716STD310/source/boot/product/libproduct.a(de.o)
                0x80731094                UpdateTX_656
 .text          0x807311cc      0x4c4 /home/zyq/share/HI3716STD310/source/boot/product/libproduct.a(hi_keyled_inner.o)
                0x807311cc                HI_KEYLED_Open
                0x8073131c                HI_KEYLED_Close
                0x80731384                HI_KEYLED_Enable
                0x807313e0                HI_KEYLED_Disable
                0x8073142c                HI_KEYLED_Display
                0x807314a8                HI_UNF_KEYLED_Init
                0x807314b0                HI_UNF_KEYLED_DeInit
                0x807314b8                HI_UNF_KEY_Open
                0x807314bc                HI_UNF_KEY_Close
                0x807314c0                HI_UNF_LED_Open
                0x807314c4                HI_UNF_LED_Close
                0x807314c8                HI_UNF_KEY_IsKeyUp
                0x807314d0                HI_UNF_KEY_IsRepKey
                0x807314d8                HI_UNF_KEY_SetBlockTime
                0x807314e0                HI_UNF_LED_Display
                0x807314e4                HI_UNF_KEYLED_SelectType
                0x807314ec                HI_KEYLED_GetValue
                0x8073168c                HI_UNF_KEY_GetValue
 .text          0x80731690      0x59c /home/zyq/share/HI3716STD310/source/boot/product/libproduct.a(cmd_otp.o)
                0x80731690                OTP_BurnToSecureChipset
                0x807316e4                OTP_WriteAddress_test
                0x80731728                OTP_ReadAll_test
                0x80731800                OTP_Get_StbPrivData_test
                0x807319e4                OTP_Set_StbPrivData_test
                0x80731af0                OTP_Get_CustomerKey_test
 .text          0x80731c2c      0x55c /home/zyq/share/HI3716STD310/source/boot/product/libproduct.a(otp.o)
                0x80731c2c                OTP_V200_getChipID
                0x80731c58                OTP_GetMarketID
                0x80731c9c                OTP_GetR2RLadderLevel
                0x80731cec                OTP_Init
                0x80731d68                OTP_DeInit
                0x80731e4c                OTP_Read
                0x80731ea4                OTP_V200_getCustomerKey
                0x80731ef8                HAL_OTP_V200_ReadByte
                0x80731f1c                OTP_V200_Get_StbPrivData
                0x80731f50                OTP_ReadByte
                0x8073210c                OTP_V200_Set_StbPrivData
                0x8073212c                OTP_SetByte
 .text          0x80732188      0x49c /home/zyq/share/HI3716STD310/source/boot/product/libproduct.a(unf_otp.o)
                0x80732188                HI_UNF_OTP_DeInit
                0x80732198                HI_UNF_OTP_Init
                0x807321a8                HI_OTP_ReadByte
                0x807321c0                HI_OTP_Read
                0x807321d8                HI_OTP_WriteByte
                0x807321f8                HI_UNF_OTP_BurnToSecureChipset
                0x807323bc                HI_UNF_OTP_LockIDWord
                0x8073247c                HI_UNF_OTP_GetIDWordLockFlag
                0x807324f0                HI_UNF_OTP_GetStbPrivData
                0x80732524                HI_UNF_OTP_SetStbPrivData
                0x80732550                HI_UNF_OTP_Get_CustomerKey
 .text          0x80732624       0xf8 /home/zyq/share/HI3716STD310/source/boot/product/libproduct.a(boot_logo.o)
                0x80732624                HI_LOGO_DecImg
 .text          0x8073271c      0x54c /home/zyq/share/HI3716STD310/source/boot/product/libproduct.a(boot_adp.o)
                0x8073271c                HI_ADP_GrcCreate
                0x807328e4                HI_ADP_DispInit
 .text          0x80732c68      0x204 /home/zyq/share/HI3716STD310/source/boot/product/libproduct.a(common_api.o)
                0x80732c68                HI_DRV_SYS_GetChipVersion
 .text          0x80732e6c        0x0 /home/zyq/share/HI3716STD310/source/boot/product/libproduct.a(drv_reg_common.o)
 .text          0x80732e6c      0x514 /home/zyq/share/HI3716STD310/source/boot/product/libproduct.a(drv_grc_adpt.o)
                0x80732e6c                Grc_DRV_ColorFmtConvert
                0x80732e9c                Grc_DRV_GetGfxId
                0x80732eb8                Grc_Drv_DeInit
                0x80732ecc                Grc_Drv_Init
                0x80732ee0                Grc_DRV_CloseLayer
                0x80732ef0                Grc_DRV_LayerBitExtMode
                0x80732f08                Grc_DRV_LayerDefaultBitExtMode
                0x80732f1c                Grc_DRV_OpenLayer
                0x80732f9c                Grc_DRV_SetLayKeyMask
                0x80732fb4                Grc_Check_WBCMode
                0x80732fe8                Grc_DRV_UpdataLayerReg
                0x80733020                Grc_DRV_SetHDRect
                0x807330a0                Grc_DRV_SetLayerRect
                0x80733120                Grc_DRV_SetLayerAlpha
                0x807331a0                Grc_DRV_SetLayerDataFmt
                0x80733204                Grc_DRV_SetLayerStride
                0x80733244                Grc_DRV_SetLayerAddr
                0x80733284                Grc_DRV_EnableLayer
                0x807332c4                Grc_DRV_RefreshLayer
 .text          0x80733380     0x276c /home/zyq/share/HI3716STD310/source/boot/product/libproduct.a(optm_hifb.o)
                0x80733380                OPTM_GfxSetWorkMode
                0x80733430                OPTM_GfxGetWorkMode
                0x80733484                OPTM_GfxGetLayerHalId
                0x807334b8                OPTM_SetLogoMceEnable
                0x807334d8                OPTM_PixerFmtTransferToHalFmt
                0x80733508                OPTM_HalFmtTransferToPixerFmt
                0x80733584                OPTM_DispInfoCallbackUnderWbc
                0x807335b4                OPTM_GfxSetLayerAlpha
                0x80733680                OPTM_GfxSetLayerPreMult
                0x8073371c                OPTM_GfxSetEnable
                0x80733824                OPTM_GfxSetLayerAddr
                0x80733894                OPTM_GfxUpLayerReg
                0x80733928                OPTM_GfxMaskLayer
                0x80733b3c                OPTM_GfxSetLogoLayerEnable
                0x80733bc8                OPTM_GfxConfigWbcZme
                0x80733dd8                OPTM_GfxConfigSlvLayer
                0x80733f9c                OPTM_Wbc2Isr
                0x807341b4                OPTM_GFX_CloseWbc2
                0x80734264                OPTM_GFX_OpenWbc2
                0x80734390                OPTM_GfxSetClutAddr
                0x80734410                OPTM_GfxSetColorReg
                0x807344a0                OPTM_GfxSetLayerBitExtMode
                0x8073450c                OPTM_GfxSetLayKeyMask
                0x80734668                OPTM_GfxGetLayerRect
                0x807346f0                OPTM_GfxSetHDRect
                0x80734924                OPTM_GfxSetLayerRect
                0x80734ce0                OPTM_GfxSetLayerStride
                0x80734d68                OPTM_GfxGetEnable
                0x80734dcc                OPTM_GfxGetLayerZorder
                0x80734e90                OPTM_GfxSetLayerZorder
                0x80734f3c                OPTM_GfxCloseLayer
                0x807351e8                OPTM_GfxSetCsc
                0x8073537c                OPTM_GfxSetLayerDataFmt
                0x807354a8                OPTM_GfxOpenLayer
                0x8073587c                OPTM_GfxDeInit
                0x80735a08                OPTM_GfxInit
 .text          0x80735aec     0x63e0 /home/zyq/share/HI3716STD310/source/boot/product/libproduct.a(optm_m_disp.o)
                0x80735aec                OPTM_M_GetDateDefaultAttr
                0x80735b3c                OPTM_M_GetHDateDefaultAttr
                0x80735bb0                OPTM_M_SetHDateMcvn
                0x80735bec                OPTM_M_CheckDacMode
                0x80735e78                OPTM_M_GetDacLink
                0x80735f54                OPTM_M_GetSDacSel
                0x80736004                OPTM_M_GetHDacSel
                0x807360ac                OPTM_M_ReviseHDDateConnection
                0x807362f8                OPTM_M_SetVdacClk
                0x80736368                OPTM_M_GetDispBootSettingFlag
                0x80736388                OPTM_M_GetDispBootSetting
                0x807363ec                OPTM_M_GetDispRate
                0x8073641c                OPTM_M_GetDispProgressive
                0x80736460                OPTM_M_GetDispScreen
                0x807364a0                OPTM_M_GetGfxScreen
                0x80736500                OPTM_M_GetDispBtmFlag
                0x80736530                OPTM_M_GetTvFmtInfo
                0x8073684c                OPTM_M_SetVtthPosiFlag
                0x807368a8                OPTM_M_SetDispClk
                0x80736950                OPTM_M_GetLcdDefaultPara
                0x80736a04                OPTM_M_GetLayerDispOrderNumber
                0x80736a64                OPTM_M_SetDispCscMode
                0x80736aa4                OPTM_M_GetDispCscMode
                0x80736b00                OPTM_M_GetDispHdmiIntf
                0x80736b54                OPTM_M_GetLcdHVPForHdmi
                0x80736bec                OPTM_M_INT_SetDispInfoForGfx
                0x80736c60                OPTM_M_INT_RegisteTtx
                0x80736c8c                OPTM_M_INT_UnRegisteTtx
                0x80736cb4                OPTM_M_SetCgmsEnable
                0x80736ce8                OPTM_M_SetCgmsData
                0x80737050                OPTM_M_ISR_Isr
                0x80737988                OPTM_M_INT_UnRegiste
                0x80737a44                OPTM_M_INT_Registe
                0x80737b64                OPTM_M_INT_InitIrq
                0x80737bc4                OPTM_M_RestoreCommon
                0x80737cd4                OPTM_M_SaveCommon
                0x80737d80                OPTM_M_RestoreDXD
                0x80737dd4                OPTM_M_SetDispEnable
                0x80737e14                OPTM_M_SaveDXD
                0x80737e58                OPTM_M_SetHDateEnable
                0x80737e9c                OPTM_M_SetDateEnable
                0x80737ee0                OPTM_M_SetDispHdmiForLcd
                0x80737fe8                OPTM_M_SetDispHdmiIntf
                0x807380c4                OPTM_M_SetDispGammaCoef
                0x80738114                OPTM_M_SetDispGamma
                0x80738168                OPTM_M_SetDispHue
                0x807381f4                OPTM_M_SetDispSaturation
                0x80738280                OPTM_M_SetDispColorTemperature
                0x80738314                OPTM_M_SetDispContrast
                0x807383c8                OPTM_M_SetDispBright
                0x80738438                OPTM_M_SetDispBgc
                0x80738504                OPTM_M_SetDispOrder
                0x807386c0                OPTM_M_GetDispInfo
                0x80738748                OPTM_M_GetDispAttr
                0x8073878c                OPTM_M_GetHDateAttr
                0x807387e8                OPTM_M_GetDateAttr
                0x8073884c                OPTM_M_SetDispLcdPara
                0x80738aa4                OPTM_M_GetDispLcdFmt
                0x80739650                OPTM_M_GetDispEncFmt
                0x8073a19c                OPTM_M_SetVtthPosi
                0x8073a218                OPTM_M_SetLcdDefaultPara
                0x8073a3a0                OPTM_M_GetFmtSyncIndex
                0x8073a484                OPTM_M_SetVtthPosiFlagAndEffect
                0x8073a534                OPTM_M_SetDispSync
                0x8073a798                OPTM_M_SetDispEncFmt
                0x8073a8b4                OPTM_M_GetDispDefaultAttr
                0x8073a9e8                OPTM_M_SetDispIntfType
                0x8073aaf4                OPTM_M_SetDispAttr
                0x8073acf4                OPTM_M_DeInitDisp
                0x8073ad38                OPTM_M_InitDisp
                0x8073b06c                OPTM_M_BaseRegInit
                0x8073b078                OPTM_M_ReviseHDDacDelay
                0x8073b10c                OPTM_M_SetDefDacDelay
                0x8073b144                OPTM_M_EnableChopper
                0x8073b170                OPTM_M_SetVomuxDacSelect
                0x8073b25c                OPTM_M_SetHDateDacSel
                0x8073b2fc                OPTM_M_SetDateDacSel
                0x8073b3a0                OPTM_M_SetDacMode
                0x8073b728                OPTM_M_SetHDateSyncAdd
                0x8073b770                OPTM_M_SetHDateVidOut
                0x8073b7b8                OPTM_M_SetHDateCsc
                0x8073b800                OPTM_M_SetHDateSrc
                0x8073b848                OPTM_M_SetHDateLpf
                0x8073b890                OPTM_M_SetHDateSd
                0x8073b8d8                OPTM_M_SetHDatePola
                0x8073b920                OPTM_M_SetHDateFmt
                0x8073b9ec                OPTM_M_SetHDateAttr
                0x8073ba80                OPTM_M_SetDateScartEn
                0x8073bac4                OPTM_M_SetDateMcvn
                0x8073bbcc                OPTM_M_SetDateCGain
                0x8073bc10                OPTM_M_SetDateCoeff0
                0x8073bc60                OPTM_M_SetDateFmt
                0x8073be5c                OPTM_M_SetDateAttr
 .text          0x8073becc      0x9c4 /home/zyq/share/HI3716STD310/source/boot/product/libproduct.a(vo_wrap.o)
                0x8073becc                OPTM_ALG_API_GetGzmeHfirCoef
                0x8073bed4                HAL_SetParaUpd
                0x8073bedc                get_csc_space
                0x8073befc                Disp_GetDftDacMode
                0x8073bf30                DISP_ChangeLcdFmt
                0x8073bf64                Disp2Channel
                0x8073bf7c                HI_UNF_DISP_DeInit
                0x8073bf84                HI_UNF_DISP_Close
                0x8073bf8c                HI_UNF_DISP_Open
                0x8073bfa0                DISP_SetEnable
                0x8073bfa4                HI_UNF_DISP_Detach
                0x8073bfbc                HI_UNF_DISP_Attach
                0x8073bfd4                HI_UNF_DISP_SetHuePlus
                0x8073bfec                HI_UNF_DISP_SetSaturation
                0x8073c004                HI_UNF_DISP_SetContrast
                0x8073c01c                HI_UNF_DISP_SetBrightness
                0x8073c034                HI_UNF_DISP_SetBgColor
                0x8073c04c                HI_UNF_DISP_SetLcdPara
                0x8073c09c                Disp_GetAttr
                0x8073c0a0                Disp_SetLcdFmt
                0x8073c0e4                DISP_SetDacMode
                0x8073c1b4                HI_UNF_DISP_SetDacMode
                0x8073c1b8                Disp_SetTvFmt
                0x8073c3a0                DISP_SetIntfType
                0x8073c4b0                HI_UNF_DISP_SetFormat
                0x8073c670                DISP_Open
                0x8073c718                Disp_SetAttr
                0x8073c7ac                Disp_GetDftAttr
                0x8073c7b0                parse_csc_sapce
                0x8073c844                DISP_Init
                0x8073c880                HI_UNF_DISP_Init
 .text          0x8073c890     0x5658 /home/zyq/share/HI3716STD310/source/boot/product/libproduct.a(optm_alg_api.o)
                0x8073c9fc                OPTM_ALG_API_TranZoomCoefAlign128bit
                0x8073ca78                OPTM_ALG_API_TranZoomCoefAlign128bitTI
                0x8073cf7c                OPTM_AA_DeInitDispGmm
                0x8073cfac                SYS_GetChipVersion
                0x8073cfc0                OPTM_ALG_API_Rgb2Yuv
                0x8073d0f8                OPTM_ALG_API_CalcCscDc
                0x8073d1e4                OPTM_AA_GFX_VTIApi
                0x8073d2cc                OPTM_AA_VTIApi
                0x8073d39c                OPTM_ALG_TICoefInit
                0x8073d4c8                OPTM_ALG_API_CalcChroma_10bit
                0x8073d670                OPTM_ALG_API_CalcChroma_8bit
                0x8073d81c                OPTM_ALG_API_CalcChroma
                0x8073d8c4                OPTM_AA_SetGmmEnable
                0x8073f3c0                VouLoadGfxZoomCoefHV
                0x8073f7f8                VouLoadZoomCoefHV
                0x8073fae8                OPTM_AA_SetGmmCoef
                0x8074143c                OPTM_AA_InitDispGmm
                0x807414ac                OPTM_AA_DeInitGmmCoef
                0x807414e8                OPTM_AA_DeInitGzmeCoef
                0x8074150c                OPTM_AA_DeInitVzmeCoef
                0x80741530                OPTM_AA_InitGmmCoef
                0x807415c8                OPTM_AA_InitGzmeCoef
                0x8074167c                OPTM_AA_InitVzmeCoef
                0x8074172c                OPTM_AA_GfxZmeApi
                0x8074197c                OPTM_AA_VZmeApi
 .text          0x80741ee8     0x2828 /home/zyq/share/HI3716STD310/source/boot/product/libproduct.a(optm_alg.o)
                0x80741ee8                GetHfirCoef
                0x80741f60                GetVfirCoef
                0x807420dc                GetVerticalScalerOffset
                0x80742158                GetGfxHfirCoef
                0x8074224c                GetGfxVfirCoef
                0x8074238c                OPTM_ALG_GetGfxScalerInfo
                0x807425a0                IniFlag
                0x807425a8                OPTM_ALG_GetFormatType
                0x807425dc                GetFrameRateInfo
                0x807426e4                OPTM_ALG_CalCSCCoefTprtRGBtoYCbCr
                0x80742a48                OPTM_ALG_CalCSCCoefTprtYCbCrtoRGB
                0x80742e04                OPTM_ALG_CalCSCCoefTprtYCbCrtoYCbCr
                0x807434ec                OPTM_ALG_CalCSCCoefTprtRGBtoRGB_8bit
                0x80743984                OPTM_ALG_CalCSCCoefTprtRGBtoRGB
                0x80743dd0                Video_InitLTICTIInfo
                0x80743e5c                Gfx_InitLTICTIInfo
                0x80743ef8                Gfx_GetLTICTIInfo
                0x80744064                Video_GetLTICTIInfo
                0x80744334                GetScalerInfo
                0x8074459c                GetWndZmeInfo_HL8C4_VL4C4OR2
                0x80744640                GetWndZmeInfo_HL8C4_VL4C4
                0x807446a8                GetWndZmeInfo_HL8C4_VL6C4
 .text          0x80744710      0xf7c /home/zyq/share/HI3716STD310/source/boot/product/libproduct.a(adp_gfx.o)
                0x80744804                ADP_ConvertA2NOAFormat
                0x80744820                ADP_ConvertFormat
                0x80744c9c                HIGO_ADP_DeinitBlitter
                0x80744cc4                HIGO_ADP_InitBlitter
                0x80744d74                ADP_FillRect
                0x80745110                HIGO_ADP_GFXOperate
                0x80745130                ADP_GFXBlit
                0x80745604                HIGO_ADP_GFXStretchBlit
                0x80745648                HIGO_ADP_GFXBlit
 .text          0x8074568c      0x318 /home/zyq/share/HI3716STD310/source/boot/product/libproduct.a(adp_layer.o)
                0x8074568c                HIGO_ADP_InitDisplay
                0x807457a4                HIGO_ADP_CapabilityInquire
                0x807457d0                ADP_Layer_ConvertFieldInfo
                0x807458d0                HIGO_ADP_GetDefaultParam
 .text          0x807459a4       0xa8 /home/zyq/share/HI3716STD310/source/boot/product/libproduct.a(hi_api_mmz.o)
                0x807459a4                HI_MMB_Init
                0x807459cc                HI_MMB_New
                0x80745a48                HI_MMB_Map
 .text          0x80745a4c       0x6c /home/zyq/share/HI3716STD310/source/boot/product/libproduct.a(higo_blit.o)
                0x80745a4c                Bliter_FillRect
                0x80745ab0                Bliter_StretchBlit
                0x80745ab4                Bliter_Blit
 .text          0x80745ab8      0x5e8 /home/zyq/share/HI3716STD310/source/boot/product/libproduct.a(higo_io.o)
                0x80745aec                HIGO_ADP_IOGetPos
                0x80745b44                HIGO_ADP_IOGetLength
                0x80745b9c                HIGO_ADP_IOGetType
                0x80745bf8                HIGO_ADP_IOSeek
                0x80745c50                HIGO_ADP_IORead
                0x80745e74                HIGO_ADP_IODestroy
                0x80745e94                HIGO_ADP_IOCreate
 .text          0x807460a0      0x384 /home/zyq/share/HI3716STD310/source/boot/product/libproduct.a(higo_memory.o)
                0x807460a0                HIGO_Malloc2
                0x80746184                HIGO_Free2
                0x80746324                HIGO_DeInitMemory
                0x80746364                HIGO_InitMemory
 .text          0x80746424      0x284 /home/zyq/share/HI3716STD310/source/boot/product/libproduct.a(hi_api_tde.o)
                0x80746424                HI_TDE2_SetAlphaThresholdState
                0x80746454                HI_TDE2_SetAlphaThresholdValue
                0x80746484                HI_TDE2_MbBlit
                0x807464f8                HI_TDE2_EndJob
                0x80746554                HI_TDE2_QuickFill
                0x807465b0                HI_TDE2_Bitblit
                0x807465b4                HI_TDE2_BeginJob
                0x80746610                HI_TDE2_Close
                0x80746644                HI_TDE2_Open
 .text          0x807466a8     0x6bb8 /home/zyq/share/HI3716STD310/source/boot/product/libproduct.a(tde_osictl.o)
                0x80747898                TdeOsiSetAlphaThresholdState
                0x8074789c                TdeOsiSetAlphaThresholdValue
                0x807478a0                TdeOsiCancelJob
                0x807478a4                TdeOsiEndJob
                0x807478c0                TdeOsiBeginJob
                0x8074a044                TdeOsiQuickFill
                0x8074aa48                TdeOsiMbBlit
                0x8074caa0                TdeOsiBlit
 .text          0x8074d260      0x9dc /home/zyq/share/HI3716STD310/source/boot/product/libproduct.a(tde_osilist.o)
                0x8074d260                TdeOsiListPutPhyBuff
                0x8074d314                TdeOsiListGetPhyBuff
                0x8074d3c8                TdeOsiListAddNode
                0x8074d5c4                TdeOsiListBeginJob
                0x8074d6e0                TdeOsiListInit
                0x8074d944                TdeOsiListTerm
                0x8074d9d8                TdeOsiListSubmitJob
                0x8074db84                TdeOsiListCancelJob
 .text          0x8074dc3c       0x3c /home/zyq/share/HI3716STD310/source/boot/product/libproduct.a(tde_osr.o)
                0x8074dc3c                tde_osr_deinit
                0x8074dc4c                tde_osr_init
 .text          0x8074dc78      0x4e8 /home/zyq/share/HI3716STD310/source/boot/product/libproduct.a(wmalloc.o)
                0x8074dc78                freeUnit
                0x8074dcf4                wmemterm
                0x8074dd20                wgetphy
                0x8074dd6c                wgetvrt
                0x8074ddb8                wgetfreenum
                0x8074ddf4                wfree
                0x8074de8c                MemoryBlockInit
                0x8074dfe8                wmeminit
                0x8074e094                mallocUnit
                0x8074e100                wmalloc
 .text          0x8074e160      0x41c /home/zyq/share/HI3716STD310/source/boot/product/libproduct.a(jpg_buf.o)
                0x8074e160                JPGBUF_Init
                0x8074e18c                JPGBUF_Reset
                0x8074e1a0                JPGBUF_StepRdHead
                0x8074e1ac                JPGBUF_StepRdTail
                0x8074e1b8                JPGBUF_SetRdHead
                0x8074e1e4                JPGBUF_SetWrHead
                0x8074e204                JPGBUF_GetFreeLen
                0x8074e23c                JPGBUF_GetDataBtwRhRt
                0x8074e2b0                JPGBUF_GetDataBtwWhRh
                0x8074e324                JPGBUF_GetDataBtwWhRt
                0x8074e398                JPGBUF_GetBufInfo
                0x8074e3b4                JPGBUF_GetFreeInfo
                0x8074e40c                JPGBUF_Read
                0x8074e4cc                JPGBUF_Write
 .text          0x8074e57c      0x120 /home/zyq/share/HI3716STD310/source/boot/product/libproduct.a(jpg_drvapi.o)
                0x8074e57c                JPGDRV_GetRegisterAddr
                0x8074e610                JPGDRV_GetIntStatus
 .text          0x8074e69c        0x0 /home/zyq/share/HI3716STD310/source/boot/product/libproduct.a(vmtables.o)
 .text          0x8074e69c       0xb8 /home/zyq/share/HI3716STD310/source/boot/product/libproduct.a(optm_disp_rwzb.o)
                0x8074e69c                RWZB_GetSDateReviseCoefIndex
                0x8074e6d0                VDP_Set_SDateRwzbReviseSrcCoef
                0x8074e704                VDP_Set_SDateSrcCoef
                0x8074e72c                VDP_Set_HDateSrc13Coef
 .text          0x8074e754     0xf860 /home/zyq/share/HI3716STD310/source/boot/product/libproduct.a(optm_hal.o)
                0x8074e754                RegRead
                0x8074e75c                RegWrite
                0x8074e764                Vou_SetCbmMixerPrioReg
                0x8074e824                Vou_GetCbmMixerPrio
                0x8074e888                Vou_SetCbmMixerPrioNew
                0x8074e8f4                OPTM_HAL_SetCbmMixerPrio
                0x8074e9fc                OPTM_HAL_SetIfirCoef
                0x8074ea04                OPTM_HAL_BaseRegInit
                0x8074ea28                HAL_DeInitial
                0x8074ea5c                OPTM_HAL_GetVersion
                0x8074eaa4                HAL_GetChipsetVouVersion
                0x8074eb54                OPTM_HAL_SetVgaOutputOrder
                0x8074eba4                OPTM_HAL_SetDispChWnd
                0x8074ec18                OPTM_HAL_GetDispChWnd
                0x8074ec9c                OPTM_HAL_SetListFlag
                0x8074ecd8                OPTM_HAL_SetTrigger
                0x8074ed10                OPTM_HAL_GetDispWH
                0x8074edcc                Vou_GetDisplayChOfLayer
                0x8074ee18                Vou_SetGfxUpMode
                0x8074eed8                HAL_DISP_SetIntfSync
                0x8074f25c                OPTM_HAL_SetVideoMixerPrio
                0x8074f260                OPTM_HAL_DEBUG_ReadReg
                0x8074f29c                OPTM_HAL_DieLayerInReso
                0x8074f2f4                OPTM_HAL_CCSetSeq
                0x8074f324                OPTM_HAL_CCLineConfig
                0x8074f368                OPTM_HAL_CCDataConfig
                0x8074f39c                Vou_SetAcmEnableExt
                0x8074f4d8                Vou_SetAcmCoefExt
                0x8074fb68                Vou_GetCbmBkg
                0x8074fc0c                OPTM_HAL_GetMcvnState
                0x8074fc78                OPTM_HAL_SetMcvnEnable
                0x8074fccc                HAL_DISP_SetDacMux
                0x8074fe14                HAL_DISP_SetIntfEnable
                0x8074fe94                HAL_DISP_GetIntfEnable
                0x8074ff04                HAL_DISP_OpenIntf
                0x807503f4                HAL_DISP_CloseIntf
                0x80750468                HAL_DISP_SetIntfDataFmt
                0x807504b0                HAL_DISP_SetIntfCscCoefEx
                0x807506e8                HAL_DISP_SetIntfCscDcCoef
                0x80750818                HAL_DISP_SetIntfCscEna
                0x807508a8                HAL_DISP_SetVtThdMode
                0x80750ad0                HAL_DISP_SetVtThd
                0x80750cb0                HAL_DISP_EnableLayer
                0x80750e24                HAL_DISP_SetLayerCrAddr
                0x80750ecc                HAL_DISP_SetLayerAddr
                0x80751014                HAL_DISP_SetLayerDataFmt
                0x80751138                HAL_DISP_SetRegUpNoRatio
                0x80751268                HAL_DISP_SetReadMode
                0x807512f4                HAL_DISP_SetIntfClip
                0x8075147c                Vou_SetGfxAddr
                0x80751510                Vou_SetGfxStride
                0x8075161c                Vou_SetGfxExt
                0x807516dc                Vou_SetGfxPalpha
                0x807518f8                Vou_SetGfxPalphaRange
                0x807519ac                Vou_SetLayerGalpha
                0x80751ad8                Vou_SetGfxKey
                0x80751d44                Vou_SetGfxKeyThd
                0x80751ef0                Vou_SetGfxMskThd
                0x80751ff8                OPTM_HAL_SetGfxZorder
                0x80752054                OPTM_HAL_GetGfxZorder
                0x807520a4                Vou_SetCbmMixerVideoEn
                0x807520f0                Vou_SetCbmVmixerAlphaSel
                0x8075213c                Vou_SetCbmAttr
                0x807521b8                Vou_SetCbmBkg
                0x807522b8                Vou_SetLayerBkg
                0x80752374                HAL_SetFieldOrder
                0x807523f4                HAL_SetCoefAddr
                0x807525a4                HAL_SetLayerParaUpd
                0x80752758                HAL_SetDispParaUpd
                0x807527d8                HAL_SetZmeEnable
                0x80752bac                HAL_SetZmeFirEnable
                0x807530d8                HAL_SetMidEnable
                0x80753734                Vou_SetZmeSource
                0x807537a8                Vou_SetGfxZmeLink
                0x807537f4                HAL_DISP_SetIntfSyncMode
                0x8075382c                HAL_DISP_SetIntfBitWidth
                0x80753864                HAL_SetHfirOrder
                0x8075396c                HAL_SetZmeVerTap
                0x80753adc                HAL_SetZmeVerType
                0x80753ae0                HAL_SetZmePhase
                0x80754014                HAL_SetZmeReso
                0x8075425c                HAL_DieAddr
                0x80754288                Vou_SetDieEnable
                0x807542dc                Vou_SetDieOutSel
                0x80754328                Vou_SetDieChmOutSel
                0x80754374                Vou_SetDieChmMode
                0x807543c0                Vou_SetDieStpRst
                0x8075440c                Vou_SetDieStpUpdate
                0x80754484                Vou_SetDieDirInten
                0x807544d0                Vou_SetDieVerDirInten
                0x8075451c                Vou_SetDieVerMinInten
                0x80754568                Vou_SetDieScale
                0x807545b4                Vou_SetDieCkGain
                0x8075465c                Vou_SetDieCkGnRange
                0x80754704                Vou_SetDieCkMaxRange
                0x807547ac                Vou_SetDieDirMult
                0x80754af0                Vou_SetDieCkEnh
                0x80754b3c                Vou_SetDieMfMax
                0x80754b90                Vou_SetDieLumaMode
                0x80754bdc                Vou_SetDieLumaQTab
                0x80754c3c                Vou_SetDieLumaReqTab
                0x80754ca4                Vou_SetDieScaleRatio
                0x80754cf0                Vou_SetDieWinSize
                0x80754d3c                Vou_SetDieSceMax
                0x80754d88                Vou_SetDieQrstMax
                0x80754dd4                Vou_SetDieStEnable
                0x80754e8c                Vou_SetDieStAddr
                0x80754f44                Vou_SetDieAddr
                0x80755044                Vou_SetDieChmCcrEnable
                0x80755090                Vou_SetDieChmMaOffset
                0x807550dc                Vou_SetDieXchmMax
                0x80755128                Vou_SetDieCcrDetect
                0x807551a8                Vou_SetDieSimilar
                0x807551fc                Vou_SetDieDefThd
                0x807554d4                Vou_SetDieStMode
                0x807555e0                Vou_SetDieMidThd
                0x8075562c                Vou_SetPdDirMch
                0x80755678                Vou_SetPdChmDirMch
                0x807556c4                Vou_SetPdBlkPos
                0x80755788                Vou_SetPdStlBlkThd
                0x807557dc                Vou_SetPdDiffThd
                0x80755830                Vou_SetPdHistThd
                0x80755894                Vou_SetPdUmThd
                0x807558fc                Vou_SetPdCoringTkr
                0x80755950                Vou_SetPdCoringBlk
                0x807559a4                Vou_SetPdCoringNorm
                0x807559f8                Vou_SetPdPccHthd
                0x80755a4c                Vou_SetPdPccVthd
                0x80755ab0                Vou_SetPdSmtEnable
                0x80755afc                Vou_SetPdSmtThd
                0x80755b48                Vou_SetPdItDiffThd
                0x80755bb4                Vou_SetPdLasiThd
                0x80755c08                Vou_SetPdEdgeThd
                0x80755c5c                Vou_SetDieStWbcMd
                0x80755ca8                Vou_SetDieStUpdMd
                0x80755cf4                Vou_SetDieSadThd
                0x80755d40                Vou_GetPdStatic
                0x80755d64                Vou_SetWbcEnable
                0x80755e18                Vou_SetWbcAddr
                0x80755e88                Vou_SetWbcStride
                0x80755f54                Vou_SetWbcMd
                0x80755f98                Vou_SetWbcDfpSel
                0x80755fdc                Vou_SetWbcCropEx
                0x807561b0                Vou_SetWbcOutIntf
                0x80756300                Vou_SetWbcSpd
                0x80756368                Vou_SetWbcOutFmt
                0x8075641c                Vou_SetLnkWbAddr
                0x80756444                Vou_SetVerRatio
                0x80756550                Vou_SetHorRatio
                0x80756644                HAL_DISP_MuteEnable
                0x80756734                Vou_SetIfirMode
                0x807567b4                Vou_SetIfirCoef
                0x80756984                HAL_Initial
                0x80756c10                Vou_SetGfxPreMult
                0x80756cd0                Vou_SetGfxGmmEn
                0x80756d84                Vou_SetGfxReadMode
                0x80756e44                Vou_SetArbMode
                0x80756e80                Vou_SetRdBusId
                0x80756ebc                Vou_SetRdOutStd
                0x80756f10                Vou_SetWrOutStd
                0x80756f4c                Vou_SetAcmEnable
                0x80756ff4                Vou_SetAcmCoef
                0x80757348                Vou_SetAcmTestEnable
                0x8075738c                Vou_SetTimeOut
                0x80757414                Vou_SetAccThd
                0x8075752c                Vou_SetAccCtrl
                0x807575b8                Vou_SetAccWeightAddr
                0x807575e0                Vou_SetAccRst
                0x80757668                HAL_Layer_SetCscCoef_V300
                0x80757aa0                HAL_Layer_SetCscCoef
                0x80757aa4                HAL_Layer_AddCscODcCoef
                0x80757b20                HAL_Layer_SetCscDcCoef
                0x80757d94                OPTM_HAL_SetLayerCsc
                0x80757e9c                HAL_DISP_SetLayerInRect
                0x807580d0                HAL_DISP_SetLayerOutRect
                0x80758570                HAL_DISP_SetLayerDLPos
                0x80758698                HAL_DISP_SetLayerDFPos
                0x80758734                HAL_DISP_SetLayerDispRect
                0x80758868                Vou_SetGammaEnable
                0x807588b4                Vou_SetGammaAddr
                0x807588e0                HAL_DISP_SetIntMask
                0x80758920                HAL_DISP_DisIntMask
                0x80758960                HAL_DISP_SetIntEnable
                0x80758964                HAL_DISP_SetIntDisable
                0x80758968                HAL_DISP_GetIntSta
                0x8075899c                HAL_DISP_ClearIntSta
                0x807589c4                HAL_DISP_SetIntfClipEna
                0x80758a44                HAL_DISP_SetVSync
                0x80758aec                HAL_DISP_SetVSyncPlus
                0x80758b94                HAL_DISP_SetHSync
                0x80758c94                HAL_DISP_SetPlusWidth
                0x80758d30                HAL_DISP_SetPlusPhase
                0x80758dc8                OPTM_HAL_GetLayerEnable
                0x80758ec0                OPTM_HAL_GetGfxAddr
                0x80758f38                OPTM_HAL_GetGfxStride
                0x80758ff4                OPTM_HAL_GetLayerDataFmt
                0x807590c8                OPTM_HAL_GetGfxPreMult
                0x80759158                OPTM_HAL_GetGfxPalpha
                0x807592a8                OPTM_HAL_GetLayerGalpha
                0x80759380                OPTM_HAL_GetGfxKey
                0x80759574                OPTM_HAL_GetDispIoP
                0x807595d8                OPTM_HAL_DISP_GetLayerInRect
                0x80759740                OPTM_HAL_DISP_GetLayerOutRect
                0x80759974                HAL_DATE_Enable
                0x807599ac                HAL_DATE_PolaCtrl
                0x807599ec                HAL_DATE_VideoFmt
                0x80759a44                HAL_DATE_OutCtrl
                0x80759abc                OPTM_HAL_DateOutCtrl
                0x80759bd8                OPTM_HAL_SetDateBT470
                0x80759c24                OPTM_HAL_SetDateScart
                0x80759c70                OPTM_HAL_SetDateChlp_en
                0x80759cbc                OPTM_HAL_SetDateLumaDelay
                0x80759d08                OPTM_HAL_DISP_SetDateCgain
                0x80759d40                OPTM_HAL_DISP_SetDateRgbEn
                0x80759d78                OPTM_HAL_DISP_GetDateCoeff
                0x80759dd0                OPTM_HAL_DISP_SetDateCoeff
                0x80759e20                OPTM_HAL_DISP_GetCurrField
                0x80759e8c                OPTM_HAL_DISP_SetIntrMode
                0x80759ed8                OPTM_HAL_DISP_SetIntrThd2
                0x80759ee4                Vou_SetHdmiSel
                0x80759f28                Vou_SetSyncRev
                0x80759fb0                OPTM_HAL_DATE_OutCtrl
                0x8075a058                OPTM_HAL_HDATE_VideoFmt
                0x8075a090                OPTM_HAL_HDATE_VideoOutFmt
                0x8075a0c8                OPTM_HAL_SetDateSdSel
                0x8075a108                OPTM_HAL_SetDateLfpEnable
                0x8075a148                OPTM_HAL_HDATE_SyncAddCtrl
                0x8075a180                OPTM_HAL_HDATE_CscCtrl
                0x8075a1b8                OPTM_HAL_HDATE_SrcCtrl
                0x8075a1f0                OPTM_HAL_HDATE_PolaCtrl
                0x8075a258                OPTM_HAL_SetDacMux
                0x8075a25c                OPTM_HAL_PrintDebugInfo
                0x8075a260                OPTM_HAL_DhdDebugSet
                0x8075a2d8                hdate_1080p_30Hz_cfg
                0x8075a3b0                hdate_1080i_60Hz_274m_cfg
                0x8075a4a0                hdate_720p_50Hz_cfg
                0x8075a578                hdate_720p_60Hz_cfg
                0x8075a650                OPTM_HAL_SetDatePhaseDelta
                0x8075a6a4                OPTM_HAL_DATE_SetMcvn
                0x8075a778                DRV_VOU_TtxLineEnable
                0x8075a7ac                DRV_VOU_TtxSetMode
                0x8075a7dc                DRV_VOU_TtxSetSeq
                0x8075a80c                DRV_VOU_TtxSetAddr
                0x8075a840                DRV_VOU_TtxSetPackOff
                0x8075a870                DRV_VOU_TtxPiorityHighest
                0x8075a8a8                DRV_VOU_SetTtxFullPage
                0x8075a8d8                DRV_VOU_TtxSetReady
                0x8075a908                DRV_VOU_TtxGetReady
                0x8075a934                DRV_VOU_TtxEnableInt
                0x8075a964                DRV_VOU_TtxDisableInt
                0x8075a994                DRV_VOU_TtxIntStatus
                0x8075a9c0                DRV_VOU_TtxIntClear
                0x8075a9f0                DRV_VOU_CCSetSeq
                0x8075aa20                DRV_VOU_CCLineConfig
                0x8075aa5c                DRV_VOU_CCDataConfig
                0x8075aa90                DRV_VOU_WSSSetSeq
                0x8075aac0                DRV_VOU_WSSConfig
                0x8075aaf4                DRV_VOU_VbiFilterEnable
                0x8075ab24                Vou_SetVoDigitOutSyncSel
                0x8075ab68                Vou_GetDigitOutSyncSel
                0x8075aba0                HAL_DISP_GetIntfSync
                0x8075ada8                OPTM_HAL_SetHSDateSelMux
                0x8075ae3c                OPTM_HAL_GetCbmMixerPrio
                0x8075aeec                OPTM_HAL_GetRegUpState
                0x8075aff8                OPTM_HAL_SetDacGc
                0x8075b0fc                OPTM_HAL_SetDacChopper
                0x8075b144                OPTM_HAL_SetDacPower_v310
                0x8075b274                OPTM_HAL_SetDacPower
                0x8075b278                OPTM_HAL_SetDacDelay
                0x8075b40c                Vou_SetVbi_seq
                0x8075b45c                Vou_SetCgmsEnable
                0x8075b52c                HAL_DISP_SetDataMux
                0x8075b5dc                OPTM_HAL_SetDataMux
                0x8075b5e0                OPTM_HAL_SetLayerDeCmpEnable
                0x8075b6c8                OPTM_HAL_SetWbcCmpMode
                0x8075b748                OPTM_HAL_SetGfxCmpAddr
                0x8075b7f0                OPTM_HAL_SetGfxTriDimEnable
                0x8075b8c0                OPTM_HAL_SetGfxTriDimMode
                0x8075b990                OPTM_HAL_SetGfxSrcFromWbc2
                0x8075b9d4                Vou_SetTiEnable
                0x8075bae0                Vou_SetTiGainRatio
                0x8075bbec                Vou_SetTiMixRatio
                0x8075bcf8                Vou_SetTiHfThd
                0x8075bda8                Vou_SetTiHpCoef
                0x8075bfc4                Vou_SetTiCoringThd
                0x8075c0e0                Vou_SetTiGainCoef
                0x8075c1a8                Vou_SetTiSwing
                0x8075c2d8                Vou_SetCropReso
                0x8075c3ec                Vou_SetSrcReso
                0x8075c4b0                Vou_SetPdMovThd
                0x8075c504                Vou_SetPdMovCoringTkr
                0x8075c550                Vou_SetPdMovCoringBlk
                0x8075c59c                Vou_SetPdMovCoringNorm
                0x8075c5e8                Vou_SetPdIchdThd
                0x8075c634                Vou_SetDrawMode
                0x8075c6bc                OPTM_HAL_SetDatepYbpr_lpf_en
                0x8075c708                VDP_DATE_SetSrcCoef
                0x8075c954                VDP_DATE_SetCoefExtend
                0x8075c9ec                VDP_DATE_SetHTiming
                0x8075cacc                OPTM_HAL_DISP_SetDateDisIRE
                0x8075cb04                Vou_SetSrcMode
                0x8075cb84                Vou_SetFlipEn
                0x8075cc04                Vou_SetVc1Enable
                0x8075cc50                Vou_SetVc1MapCoef
                0x8075ccd0                Vou_SetVc1Profile
                0x8075cd1c                Vou_SetVc1MapFlg
                0x8075cddc                Vou_SetVc1RangeDfrm
                0x8075ce38                Vou_SetCgmsDataTypeB
                0x8075ceb8                Vou_SetCgmsDataTypeA
                0x8075cff4                HAL_GFX_RestoreDXD
                0x8075d054                HAL_GFX_SaveDXD
                0x8075d0d8                DRV_VOU_RestoreWbc
                0x8075d10c                DRV_VOU_SaveWbc
                0x8075d160                DRV_VOU_RestoreVXD
                0x8075d1b0                DRV_VOU_SaveVXD
                0x8075d234                HAL_DISP_RestoreCommon
                0x8075d2bc                HAL_DISP_SaveCommon
                0x8075d300                HAL_DISP_RestoreDXD
                0x8075d388                HAL_DISP_SaveDXD
                0x8075d430                Vou_SetGammaCoef
                0x8075d594                Vou_SetAccTab
                0x8075de20                OPTM_HAL_SetGammaCoef
 .text          0x8075dfb4     0x1d64 /home/zyq/share/HI3716STD310/source/boot/product/libproduct.a(tde_hal.o)
                0x8075dfb4                TdeHalSetClock
                0x8075dfd8                TdeHalCtlIsIdle
                0x8075e004                TdeHalCtlIsIdleSafely
                0x8075e08c                TdeHalCtlReset
                0x8075e0d8                TdeHalNodeInitChildNd
                0x8075e15c                TdeHalNodeGetNdSize
                0x8075e1d0                TdeHalNodeMakeNd
                0x8075e254                TdeHalNodeExecute
                0x8075e32c                TdeHalNodeSetSrc1
                0x8075e3a4                TdeHalNodeSetCsc
                0x8075e49c                TdeHalNodeSetTgt
                0x8075e564                TdeHalNodeSetBaseOperate
                0x8075e9f0                TdeHalNodeSetGlobalAlpha
                0x8075ea20                TdeHalNodeSetExpAlpha
                0x8075eaa8                TdeHalNodeSetAlphaBorder
                0x8075eadc                TdeHalNodeSetRop
                0x8075eb10                TdeHalNodeSetClutOpt
                0x8075eb5c                TdeHalNodeSetColorKey
                0x8075ed78                TdeHalNodeSetClipping
                0x8075ede4                TdeHalNodeSetFlicker
                0x8075eec8                TdeHalNodeSetResize
                0x8075f230                TdeHalNodeSetColorConvert
                0x8075f27c                TdeHalNodeAddChild
                0x8075f688                TdeHalNodeSetMbMode
                0x8075f6bc                TdeHalCurNode
                0x8075f7a8                TdeHalNodeSetSrcMbCbCr
                0x8075f7c4                TdeHalNodeSetSrc2
                0x8075f7cc                TdeHalNodeSetSrcMbY
                0x8075f830                TdeHalSetAlphaThreshold
                0x8075f850                TdeHalSetAlphaThresholdState
                0x8075f874                TdeHalNodeInitNd
                0x8075fbbc                TdeHalInit
                0x8075fc5c                TdeHalRelease
 .text          0x8075fd18      0x190 board/hi3716mv310/libhi3716mv310.a(board.o)
                0x8075fd18                board_eth_init
                0x8075fd1c                dram_init
                0x8075fde8                misc_init_r
                0x8075fdf8                board_init
 .text          0x8075fea8      0x620 board/hi3716mv310/libhi3716mv310.a(eth_cfg_setup.o)
                0x8075fea8                ethphy_intfname
                0x8075fec0                get_gpiobase
                0x8075fee8                eth_config_init
                0x80760090                get_eth_phygpio_str
                0x807600b4                get_eth_phymdio_str
                0x807600d8                get_eth_phyintf_str
                0x807600fc                get_eth_phyaddr_str
                0x80760120                ethphy_intf
                0x807601bc                get_eth_phyintf
                0x80760260                get_eth_phyaddr
                0x80760300                get_eth_phymdio
                0x807603a0                get_eth_phygpio
 .text          0x807604c8       0x44 lib/libgeneric.a(crc16.o)
                0x807604c8                cyg_crc16
 .text          0x8076050c      0x108 lib/libgeneric.a(crc32.o)
                0x8076050c                crc32_no_comp
                0x807605fc                crc32
                0x80760610                crc32_wd
 .text          0x80760614        0x0 lib/libgeneric.a(ctype.o)
 .text          0x80760614      0x358 lib/libgeneric.a(display_options.o)
                0x80760614                print_size
                0x8076074c                display_options
                0x8076076c                print_buffer
                0x807608bc                ultohstr
 .text          0x8076096c       0xd0 lib/libgeneric.a(div64.o)
                0x8076096c                __div64_32
 .text          0x80760a3c       0x7c lib/libgeneric.a(net_utils.o)
                0x80760a3c                string_to_ip
 .text          0x80760ab8      0x614 lib/libgeneric.a(string.o)
                0x80760ab8                strcpy
                0x80760ad4                strncpy
                0x80760afc                strcat
                0x80760b2c                strncat
                0x80760b88                strcmp
                0x80760bb8                strncmp
                0x80760c00                strchr
                0x80760c2c                strlen
                0x80760c4c                strrchr
                0x80760c84                strnlen
                0x80760cac                strspn
                0x80760cf0                strpbrk
                0x80760d28                strtok
                0x80760da4                strsep
                0x80760dd8                strswab
                0x80760e20                memset
                0x80760e94                bcopy
                0x80760ebc                memcpy
                0x80760f28                memmove
                0x80760f84                memcmp
                0x80760fbc                memscan
                0x80760fec                strstr
                0x8076104c                memchr
                0x80761078                strdup
 .text          0x807610cc       0x50 lib/libgeneric.a(time.o)